{
  "it.misses.the.key.column.key": "Can't work without it"
}
