{
  "firstRow.title": "List of all possible combinations",
  "number": "7350",
  "phone.startsWithPlus": "+1555785123",
  "string.zeros": "0000",
  "empty": "",
  "justSpaceChar": " ",
  "afterEmptyRow.has.specialChars": "d/m \\\\a\\\\t; \\n // {brackets}",
  "toBeReplaced": "_replaced_"
}
