{
  "firstRow.title": "Список всех доступных комбинаций",
  "number": "31337",
  "phone.startsWithPlus": "+375295551690",
  "string.zeros": "07931505",
  "empty": "",
  "justSpaceChar": " ",
  "afterEmptyRow.has.specialChars": "d/m \\\\a\\\\t; \\n // {{double brackets}}",
  "toBeReplaced": "_replaced_"
}
